// Jest Snapshot v1, https://goo.gl/fbAQLP

exports[`<RNDevToolboxBase> renders correctly 1`] = `<View />`;
