// Jest Snapshot v1, https://goo.gl/fbAQLP

exports[`<RNDevToolboxProd> renders correctly 1`] = `null`;

exports[`<RNDevToolboxProd> renders correctly 2`] = `null`;
