// Jest Snapshot v1, https://goo.gl/fbAQLP

exports[`<RNDevToolbox> renders correctly 1`] = `
<View
  style={
    Object {
      "flexGrow": 1,
    }
  }
>
  <Modal
    animationType="fade"
    hardwareAccelerated={false}
    onRequestClose={[Function]}
    transparent={false}
    visible={false}
  >
    <View
      style={
        Object {
          "padding": 10,
          "paddingBottom": -10,
        }
      }
    >
      <View>
        <View
          style={
            Object {
              "backgroundColor": "#dcdcdcd6",
              "margin": 1,
              "padding": 2,
            }
          }
        >
          <Text>
            <Text
              style={
                Object {
                  "fontWeight": "bold",
                }
              }
            >
              Open developer menu
              :
            </Text>
             
            Check gesture on real device. Command+D on iOS. Ctrl+M on Android
          </Text>
        </View>
        <View
          accessible={true}
          isTVSelectable={true}
          onResponderGrant={[Function]}
          onResponderMove={[Function]}
          onResponderRelease={[Function]}
          onResponderTerminate={[Function]}
          onResponderTerminationRequest={[Function]}
          onStartShouldSetResponder={[Function]}
          style={
            Object {
              "alignSelf": "center",
              "backgroundColor": "#dcdcdcd6",
              "marginTop": 10,
              "opacity": 1,
              "padding": 5,
            }
          }
        >
          <Text>
            Hide Modal
          </Text>
        </View>
      </View>
    </View>
  </Modal>
  <View
    style={
      Object {
        "flex": 1,
      }
    }
  >
    <View
      accessible={true}
      isTVSelectable={true}
      onResponderGrant={[Function]}
      onResponderMove={[Function]}
      onResponderRelease={[Function]}
      onResponderTerminate={[Function]}
      onResponderTerminationRequest={[Function]}
      onStartShouldSetResponder={[Function]}
      style={
        Object {
          "alignItems": "center",
          "backgroundColor": "#4a4a4ad6",
          "height": 20,
          "justifyContent": "center",
          "opacity": 1,
          "position": "absolute",
          "right": 5,
          "top": 5,
          "width": 20,
        }
      }
    >
      <Text
        style={
          Object {
            "color": "white",
          }
        }
      >
        +
      </Text>
    </View>
  </View>
</View>
`;

exports[`<RNDevToolbox> renders correctly 2`] = `null`;

exports[`<RNDevToolbox> renders correctly 3`] = `
<View
  style={
    Object {
      "flexGrow": 1,
    }
  }
>
  <Modal
    animationType="fade"
    hardwareAccelerated={false}
    onRequestClose={[Function]}
    transparent={false}
    visible={false}
  >
    <View
      style={
        Object {
          "padding": 10,
          "paddingBottom": -10,
        }
      }
    >
      <View>
        <View
          style={
            Object {
              "backgroundColor": "#dcdcdcd6",
              "margin": 1,
              "padding": 2,
            }
          }
        >
          <Text>
            <Text
              style={
                Object {
                  "fontWeight": "bold",
                }
              }
            >
              Open developer menu
              :
            </Text>
             
            Check gesture on real device. Command+D on iOS. Ctrl+M on Android
          </Text>
        </View>
        <View
          accessible={true}
          isTVSelectable={true}
          onResponderGrant={[Function]}
          onResponderMove={[Function]}
          onResponderRelease={[Function]}
          onResponderTerminate={[Function]}
          onResponderTerminationRequest={[Function]}
          onStartShouldSetResponder={[Function]}
          style={
            Object {
              "alignSelf": "center",
              "backgroundColor": "#dcdcdcd6",
              "marginTop": 10,
              "opacity": 1,
              "padding": 5,
            }
          }
        >
          <Text>
            Hide Modal
          </Text>
        </View>
      </View>
    </View>
  </Modal>
  <View
    style={
      Object {
        "flex": 1,
      }
    }
  >
    <View
      accessible={true}
      isTVSelectable={true}
      onResponderGrant={[Function]}
      onResponderMove={[Function]}
      onResponderRelease={[Function]}
      onResponderTerminate={[Function]}
      onResponderTerminationRequest={[Function]}
      onStartShouldSetResponder={[Function]}
      style={
        Object {
          "alignItems": "center",
          "backgroundColor": "#4a4a4ad6",
          "height": 20,
          "justifyContent": "center",
          "opacity": 1,
          "position": "absolute",
          "right": 5,
          "top": 5,
          "width": 20,
        }
      }
    >
      <Text
        style={
          Object {
            "color": "white",
          }
        }
      >
        +
      </Text>
    </View>
  </View>
</View>
`;
