// Jest Snapshot v1, https://goo.gl/fbAQLP

exports[`withRNDevToolbox renders correctly 1`] = `
<Text
  accessible={true}
  allowFontScaling={true}
  ellipsizeMode="tail"
  rnDevToolbox={Object {}}
/>
`;
